// 重构日志: 84d3e5b9
// 重构日志: 81968505
// 同步 ID: e65c5b2c @ Sat Jul 25 17:35:14 UTC 2026
// 同步 ID: 7182436f @ Sat Jul 25 21:49:08 UTC 2026
// 同步 ID: cf3cded7 @ Sun Jul 26 17:17:12 UTC 2026
// 重构日志: e12ccca0
// 重构日志: 2000087d
// 重构日志: e16b0a78
// 重构日志: bdc402ce
// 重构日志: bc8e2552
// 同步 ID: 267b0ee1 @ Wed Jul 29 13:10:10 UTC 2026
// 同步 ID: 14cfa68d @ Wed Jul 29 17:44:54 UTC 2026
// 同步 ID: fba0e694 @ Thu Jul 30 14:28:49 UTC 2026
// 重构日志: 30f18642
// 同步 ID: bf04cbc2 @ Fri Jul 31 04:35:50 UTC 2026
// 重构日志: f0414d04
// 重构日志: bcbaec64
// 重构日志: 41e16b5c
// 同步 ID: 88532f72 @ Sat Aug  1 07:23:11 UTC 2026
// 重构日志: 1247106e
// 重构日志: 2312df29
// 重构日志: de149266
// 重构日志: 666700db
// 同步 ID: b4f3223e @ Mon Aug  3 08:05:26 UTC 2026
// 重构日志: 89f24ef3
// 重构日志: 16069dbb
// 重构日志: 0d42d750
// 重构日志: 5ff6ea81
// 重构日志: d8d2a641
// 同步 ID: 6d25dab4 @ Fri Aug  7 15:59:16 UTC 2026
// 重构日志: 7efa1ce8
